
> HenHacks2023-Flood-Monitor@0.1.0 test
> react-scripts test --coverage

No tests found, exiting with code 1
Run with `--passWithNoTests` to exit with code 0
In /home/runner/work/HenHacks2023-Flood-Monitor/HenHacks2023-Flood-Monitor
  7 files checked.
  testMatch: /home/runner/work/HenHacks2023-Flood-Monitor/HenHacks2023-Flood-Monitor/src/**/__tests__/**/*.{js,jsx,ts,tsx}, /home/runner/work/HenHacks2023-Flood-Monitor/HenHacks2023-Flood-Monitor/src/**/*.{spec,test}.{js,jsx,ts,tsx} - 0 matches
  testPathIgnorePatterns: /node_modules/ - 7 matches
  testRegex:  - 0 matches
Pattern:  - 0 matches
